info A dev server is already running for this project on port 8081.
info Found Xcode workspace "calendar.xcworkspace"
info Found booted iPhone 17 Pro
info Building (using "xcodebuild -workspace calendar.xcworkspace -configuration Debug -scheme calendar -destination id=16946C37-02E3-4BE6-B5DA-C265CFAAF519")
- Building the app.........
- Building the app.....
- Building the app.........
- Building the app
- Building the app.......
- Building the app........
- Building the app.......
- Building the app.
- Building the app..
- Building the app...
- Building the app....
- Building the app...
- Building the app......
- Building the app........
- Building the app...
- Building the app....
- Building the app.........
- Building the app
- Building the app...
- Building the app..
- Building the app...
- Building the app....
- Building the app....
- Building the app......
- Building the app.......
- Building the app........
- Building the app
- Building the app.
- Building the app.......
- Building the app.......
- Building the app.......
- Building the app....
- Building the app.....
- Building the app.......
- Building the app......
- Building the app.
- Building the app..
- Building the app...
- Building the app....
- Building the app
- Building the app.
- Building the app
- Building the app.
- Building the app....
- Building the app.
- Building the app..
- Building the app..
- Building the app.....
- Building the app........
- Building the app..
- Building the app..
- Building the app
- Building the app........
- Building the app.......
- Building the app........
- Building the app....
- Building the app.....
- Building the app.........
- Building the app
- Building the app......
- Building the app.......
- Building the app.......
- Building the app........
- Building the app.......
- Building the app.
- Building the app.......
- Building the app........
- Building the app....
- Building the app
- Building the app.
- Building the app....
- Building the app.....
- Building the app......
- Building the app.......
- Building the app.......
- Building the app........
- Building the app
- Building the app.
- Building the app.........
- Building the app
- Building the app.......
- Building the app........
- Building the app......
- Building the app.....
- Building the app......
- Building the app..
- Building the app....
- Building the app..
- Building the app...
- Building the app.........
- Building the app.....
- Building the app......
- Building the app......
- Building the app
- Building the app.
- Building the app.......
- Building the app......
- Building the app...
- Building the app....
- Building the app.....
- Building the app.
- Building the app..
- Building the app
- Building the app.
- Building the app..
- Building the app......
- Building the app.......
- Building the app........
- Building the app.
- Building the app..
- Building the app.....
- Building the app.
- Building the app..
- Building the app...
- Building the app....
- Building the app.........
- Building the app
- Building the app
- Building the app...
success Successfully built the app
--- xcodebuild: WARNING: Using the first of multiple matching destinations:
{ platform:iOS Simulator, id:dvtdevice-DVTiOSDeviceSimulatorPlaceholder-iphonesimulator:placeholder, name:Any iOS Simulator Device }
{ platform:iOS Simulator, arch:arm64, id:E7632DC0-8CC3-413A-B6A4-E04E553B707B, OS:26.5, name:iPad (A16) }
{ platform:iOS Simulator, arch:arm64, id:45441C8F-D50A-41E2-B983-D28D85FCF26A, OS:26.5, name:iPad Air 11-inch (M4) }
{ platform:iOS Simulator, arch:arm64, id:377A48E5-6A55-4122-BAA9-A616FED8779F, OS:26.5, name:iPad Air 13-inch (M4) }
{ platform:iOS Simulator, arch:arm64, id:2F5A0AC6-F595-492B-B113-AEA366F52935, OS:26.5, name:iPad Pro 11-inch (M5) }
{ platform:iOS Simulator, arch:arm64, id:65539F7C-2F52-4EF7-810E-9022EA004491, OS:26.5, name:iPad Pro 13-inch (M5) }
{ platform:iOS Simulator, arch:arm64, id:36A69485-F7E3-4242-A377-FFE89692EA71, OS:26.5, name:iPad mini (A17 Pro) }
{ platform:iOS Simulator, arch:arm64, id:0E08378B-B4AF-4DAD-AF4B-E11F92C06EF8, OS:26.5, name:iPhone 17 }
{ platform:iOS Simulator, arch:arm64, id:16946C37-02E3-4BE6-B5DA-C265CFAAF519, OS:26.5, name:iPhone 17 Pro }
{ platform:iOS Simulator, arch:arm64, id:848C9D98-4FFF-4C7F-BA59-72887EDC8A5B, OS:26.5, name:iPhone 17 Pro Max }
{ platform:iOS Simulator, arch:arm64, id:D060E57A-5F7C-4451-8FF3-4EDA3EFF2E89, OS:26.5, name:iPhone 17e }
{ platform:iOS Simulator, arch:arm64, id:F8FC946C-881E-40C4-A0EA-802562A652A5, OS:26.5, name:iPhone Air }
{ platform:macOS, arch:arm64, variant:Designed for [iPad,iPhone], id:00006040-001869380A28801C, name:My Mac }
{ platform:iOS, id:dvtdevice-DVTiPhonePlaceholder-iphoneos:placeholder, name:Any iOS Device }
info Installing "/Users/nikica.maksimovski/Library/Developer/Xcode/DerivedData/calendar-ablfywdwnzuipwbfnbnwxqmpnxcw/Build/Products/Debug-iphonesimulator/calendar.app
info Launching "org.reactjs.native.example.calendar"
success Successfully launched the app
